// Jest Snapshot v1, https://goo.gl/fbAQLP

exports[`CarList Renders CarList page correctly 1`] = `<div />`;
